mingw32-make: Nothing to be done for 'CMakeFiles/kingdom_qa_tests.dir/tests/KingdomQaTests.cpp.obj'.
